[2025-09-15 21:01:54] local.ERROR: Application submission failed: SQLSTATE[HY000]: General error: 1364 Field 'applicationId' doesn't have a default value (Connection: mysql, SQL: insert into `applications` (`userId`, `dateOfBirth`, `maritalStatus`, `status`, `updated_at`, `created_at`) values (17, 2025-09-23, Single, unpaid, 2025-09-15 21:01:54, 2025-09-15 21:01:54))  
[2025-09-16 08:41:00] local.WARNING: No access_token cookie found  
[2025-09-16 08:41:00] local.WARNING: No access_token cookie found  
[2025-09-16 21:08:02] local.WARNING: No access_token cookie found  
[2025-09-16 21:08:03] local.WARNING: No access_token cookie found  
[2025-09-16 22:37:26] local.WARNING: No access_token cookie found  
[2025-09-16 22:37:27] local.WARNING: No access_token cookie found  
[2025-09-16 23:09:04] local.ERROR: Attempt to read property "gender" on null {"userId":33,"exception":"[object] (ErrorException(code: 0): Attempt to read property \"gender\" on null at C:\\Users\\USER\\Documents\\MyApps\\CONS\\portal\\cons-portal-backend2\\app\\Http\\Controllers\\ApplicationController.php:503)
[stacktrace]
#0 C:\\Users\\USER\\Documents\\MyApps\\CONS\\portal\\cons-portal-backend2\\vendor\\laravel\\framework\\src\\Illuminate\\Foundation\\Bootstrap\\HandleExceptions.php(256): Illuminate\\Foundation\\Bootstrap\\HandleExceptions->handleError(2, 'Attempt to read...', 'C:\\\\Users\\\\USER\\\\D...', 503)
#1 C:\\Users\\USER\\Documents\\MyApps\\CONS\\portal\\cons-portal-backend2\\app\\Http\\Controllers\\ApplicationController.php(503): Illuminate\\Foundation\\Bootstrap\\HandleExceptions->Illuminate\\Foundation\\Bootstrap\\{closure}(2, 'Attempt to read...', 'C:\\\\Users\\\\USER\\\\D...', 503)
#2 C:\\Users\\USER\\Documents\\MyApps\\CONS\\portal\\cons-portal-backend2\\vendor\\laravel\\framework\\src\\Illuminate\\Collections\\Collection.php(521): App\\Http\\Controllers\\ApplicationController->App\\Http\\Controllers\\{closure}(Object(App\\Models\\Applications), 68)
#3 C:\\Users\\USER\\Documents\\MyApps\\CONS\\portal\\cons-portal-backend2\\app\\Http\\Controllers\\ApplicationController.php(501): Illuminate\\Support\\Collection->groupBy(Object(Closure))
#4 C:\\Users\\USER\\Documents\\MyApps\\CONS\\portal\\cons-portal-backend2\\vendor\\laravel\\framework\\src\\Illuminate\\Routing\\Controller.php(54): App\\Http\\Controllers\\ApplicationController->candidates_gender(Object(Illuminate\\Http\\Request))
#5 C:\\Users\\USER\\Documents\\MyApps\\CONS\\portal\\cons-portal-backend2\\vendor\\laravel\\framework\\src\\Illuminate\\Routing\\ControllerDispatcher.php(43): Illuminate\\Routing\\Controller->callAction('candidates_gend...', Array)
#6 C:\\Users\\USER\\Documents\\MyApps\\CONS\\portal\\cons-portal-backend2\\vendor\\laravel\\framework\\src\\Illuminate\\Routing\\Route.php(265): Illuminate\\Routing\\ControllerDispatcher->dispatch(Object(Illuminate\\Routing\\Route), Object(App\\Http\\Controllers\\ApplicationController), 'candidates_gend...')
#7 C:\\Users\\USER\\Documents\\MyApps\\CONS\\portal\\cons-portal-backend2\\vendor\\laravel\\framework\\src\\Illuminate\\Routing\\Route.php(211): Illuminate\\Routing\\Route->runController()
#8 C:\\Users\\USER\\Documents\\MyApps\\CONS\\portal\\cons-portal-backend2\\vendor\\laravel\\framework\\src\\Illuminate\\Routing\\Router.php(808): Illuminate\\Routing\\Route->run()
#9 C:\\Users\\USER\\Documents\\MyApps\\CONS\\portal\\cons-portal-backend2\\vendor\\laravel\\framework\\src\\Illuminate\\Pipeline\\Pipeline.php(169): Illuminate\\Routing\\Router->Illuminate\\Routing\\{closure}(Object(Illuminate\\Http\\Request))
#10 C:\\Users\\USER\\Documents\\MyApps\\CONS\\portal\\cons-portal-backend2\\app\\Http\\Middleware\\VerifyJwtToken.php(55): Illuminate\\Pipeline\\Pipeline->Illuminate\\Pipeline\\{closure}(Object(Illuminate\\Http\\Request))
#11 C:\\Users\\USER\\Documents\\MyApps\\CONS\\portal\\cons-portal-backend2\\vendor\\laravel\\framework\\src\\Illuminate\\Pipeline\\Pipeline.php(208): App\\Http\\Middleware\\VerifyJwtToken->handle(Object(Illuminate\\Http\\Request), Object(Closure))
#12 C:\\Users\\USER\\Documents\\MyApps\\CONS\\portal\\cons-portal-backend2\\vendor\\laravel\\framework\\src\\Illuminate\\Routing\\Middleware\\SubstituteBindings.php(50): Illuminate\\Pipeline\\Pipeline->Illuminate\\Pipeline\\{closure}(Object(Illuminate\\Http\\Request))
#13 C:\\Users\\USER\\Documents\\MyApps\\CONS\\portal\\cons-portal-backend2\\vendor\\laravel\\framework\\src\\Illuminate\\Pipeline\\Pipeline.php(208): Illuminate\\Routing\\Middleware\\SubstituteBindings->handle(Object(Illuminate\\Http\\Request), Object(Closure))
#14 C:\\Users\\USER\\Documents\\MyApps\\CONS\\portal\\cons-portal-backend2\\vendor\\laravel\\framework\\src\\Illuminate\\Routing\\Middleware\\ThrottleRequests.php(160): Illuminate\\Pipeline\\Pipeline->Illuminate\\Pipeline\\{closure}(Object(Illuminate\\Http\\Request))
#15 C:\\Users\\USER\\Documents\\MyApps\\CONS\\portal\\cons-portal-backend2\\vendor\\laravel\\framework\\src\\Illuminate\\Routing\\Middleware\\ThrottleRequests.php(126): Illuminate\\Routing\\Middleware\\ThrottleRequests->handleRequest(Object(Illuminate\\Http\\Request), Object(Closure), Array)
#16 C:\\Users\\USER\\Documents\\MyApps\\CONS\\portal\\cons-portal-backend2\\vendor\\laravel\\framework\\src\\Illuminate\\Routing\\Middleware\\ThrottleRequests.php(88): Illuminate\\Routing\\Middleware\\ThrottleRequests->handleRequestUsingNamedLimiter(Object(Illuminate\\Http\\Request), Object(Closure), 'api', Object(Closure))
#17 C:\\Users\\USER\\Documents\\MyApps\\CONS\\portal\\cons-portal-backend2\\vendor\\laravel\\framework\\src\\Illuminate\\Pipeline\\Pipeline.php(208): Illuminate\\Routing\\Middleware\\ThrottleRequests->handle(Object(Illuminate\\Http\\Request), Object(Closure), 'api')
#18 C:\\Users\\USER\\Documents\\MyApps\\CONS\\portal\\cons-portal-backend2\\vendor\\laravel\\framework\\src\\Illuminate\\Pipeline\\Pipeline.php(126): Illuminate\\Pipeline\\Pipeline->Illuminate\\Pipeline\\{closure}(Object(Illuminate\\Http\\Request))
#19 C:\\Users\\USER\\Documents\\MyApps\\CONS\\portal\\cons-portal-backend2\\vendor\\laravel\\framework\\src\\Illuminate\\Routing\\Router.php(807): Illuminate\\Pipeline\\Pipeline->then(Object(Closure))
#20 C:\\Users\\USER\\Documents\\MyApps\\CONS\\portal\\cons-portal-backend2\\vendor\\laravel\\framework\\src\\Illuminate\\Routing\\Router.php(786): Illuminate\\Routing\\Router->runRouteWithinStack(Object(Illuminate\\Routing\\Route), Object(Illuminate\\Http\\Request))
#21 C:\\Users\\USER\\Documents\\MyApps\\CONS\\portal\\cons-portal-backend2\\vendor\\laravel\\framework\\src\\Illuminate\\Routing\\Router.php(750): Illuminate\\Routing\\Router->runRoute(Object(Illuminate\\Http\\Request), Object(Illuminate\\Routing\\Route))
#22 C:\\Users\\USER\\Documents\\MyApps\\CONS\\portal\\cons-portal-backend2\\vendor\\laravel\\framework\\src\\Illuminate\\Routing\\Router.php(739): Illuminate\\Routing\\Router->dispatchToRoute(Object(Illuminate\\Http\\Request))
#23 C:\\Users\\USER\\Documents\\MyApps\\CONS\\portal\\cons-portal-backend2\\vendor\\laravel\\framework\\src\\Illuminate\\Foundation\\Http\\Kernel.php(200): Illuminate\\Routing\\Router->dispatch(Object(Illuminate\\Http\\Request))
#24 C:\\Users\\USER\\Documents\\MyApps\\CONS\\portal\\cons-portal-backend2\\vendor\\laravel\\framework\\src\\Illuminate\\Pipeline\\Pipeline.php(169): Illuminate\\Foundation\\Http\\Kernel->Illuminate\\Foundation\\Http\\{closure}(Object(Illuminate\\Http\\Request))
#25 C:\\Users\\USER\\Documents\\MyApps\\CONS\\portal\\cons-portal-backend2\\vendor\\laravel\\framework\\src\\Illuminate\\Foundation\\Http\\Middleware\\TransformsRequest.php(21): Illuminate\\Pipeline\\Pipeline->Illuminate\\Pipeline\\{closure}(Object(Illuminate\\Http\\Request))
#26 C:\\Users\\USER\\Documents\\MyApps\\CONS\\portal\\cons-portal-backend2\\vendor\\laravel\\framework\\src\\Illuminate\\Foundation\\Http\\Middleware\\ConvertEmptyStringsToNull.php(31): Illuminate\\Foundation\\Http\\Middleware\\TransformsRequest->handle(Object(Illuminate\\Http\\Request), Object(Closure))
#27 C:\\Users\\USER\\Documents\\MyApps\\CONS\\portal\\cons-portal-backend2\\vendor\\laravel\\framework\\src\\Illuminate\\Pipeline\\Pipeline.php(208): Illuminate\\Foundation\\Http\\Middleware\\ConvertEmptyStringsToNull->handle(Object(Illuminate\\Http\\Request), Object(Closure))
#28 C:\\Users\\USER\\Documents\\MyApps\\CONS\\portal\\cons-portal-backend2\\vendor\\laravel\\framework\\src\\Illuminate\\Foundation\\Http\\Middleware\\TransformsRequest.php(21): Illuminate\\Pipeline\\Pipeline->Illuminate\\Pipeline\\{closure}(Object(Illuminate\\Http\\Request))
#29 C:\\Users\\USER\\Documents\\MyApps\\CONS\\portal\\cons-portal-backend2\\vendor\\laravel\\framework\\src\\Illuminate\\Foundation\\Http\\Middleware\\TrimStrings.php(51): Illuminate\\Foundation\\Http\\Middleware\\TransformsRequest->handle(Object(Illuminate\\Http\\Request), Object(Closure))
#30 C:\\Users\\USER\\Documents\\MyApps\\CONS\\portal\\cons-portal-backend2\\vendor\\laravel\\framework\\src\\Illuminate\\Pipeline\\Pipeline.php(208): Illuminate\\Foundation\\Http\\Middleware\\TrimStrings->handle(Object(Illuminate\\Http\\Request), Object(Closure))
#31 C:\\Users\\USER\\Documents\\MyApps\\CONS\\portal\\cons-portal-backend2\\vendor\\laravel\\framework\\src\\Illuminate\\Http\\Middleware\\ValidatePostSize.php(27): Illuminate\\Pipeline\\Pipeline->Illuminate\\Pipeline\\{closure}(Object(Illuminate\\Http\\Request))
#32 C:\\Users\\USER\\Documents\\MyApps\\CONS\\portal\\cons-portal-backend2\\vendor\\laravel\\framework\\src\\Illuminate\\Pipeline\\Pipeline.php(208): Illuminate\\Http\\Middleware\\ValidatePostSize->handle(Object(Illuminate\\Http\\Request), Object(Closure))
#33 C:\\Users\\USER\\Documents\\MyApps\\CONS\\portal\\cons-portal-backend2\\vendor\\laravel\\framework\\src\\Illuminate\\Foundation\\Http\\Middleware\\PreventRequestsDuringMaintenance.php(109): Illuminate\\Pipeline\\Pipeline->Illuminate\\Pipeline\\{closure}(Object(Illuminate\\Http\\Request))
#34 C:\\Users\\USER\\Documents\\MyApps\\CONS\\portal\\cons-portal-backend2\\vendor\\laravel\\framework\\src\\Illuminate\\Pipeline\\Pipeline.php(208): Illuminate\\Foundation\\Http\\Middleware\\PreventRequestsDuringMaintenance->handle(Object(Illuminate\\Http\\Request), Object(Closure))
#35 C:\\Users\\USER\\Documents\\MyApps\\CONS\\portal\\cons-portal-backend2\\vendor\\laravel\\framework\\src\\Illuminate\\Http\\Middleware\\HandleCors.php(61): Illuminate\\Pipeline\\Pipeline->Illuminate\\Pipeline\\{closure}(Object(Illuminate\\Http\\Request))
#36 C:\\Users\\USER\\Documents\\MyApps\\CONS\\portal\\cons-portal-backend2\\vendor\\laravel\\framework\\src\\Illuminate\\Pipeline\\Pipeline.php(208): Illuminate\\Http\\Middleware\\HandleCors->handle(Object(Illuminate\\Http\\Request), Object(Closure))
#37 C:\\Users\\USER\\Documents\\MyApps\\CONS\\portal\\cons-portal-backend2\\vendor\\laravel\\framework\\src\\Illuminate\\Http\\Middleware\\TrustProxies.php(58): Illuminate\\Pipeline\\Pipeline->Illuminate\\Pipeline\\{closure}(Object(Illuminate\\Http\\Request))
#38 C:\\Users\\USER\\Documents\\MyApps\\CONS\\portal\\cons-portal-backend2\\vendor\\laravel\\framework\\src\\Illuminate\\Pipeline\\Pipeline.php(208): Illuminate\\Http\\Middleware\\TrustProxies->handle(Object(Illuminate\\Http\\Request), Object(Closure))
#39 C:\\Users\\USER\\Documents\\MyApps\\CONS\\portal\\cons-portal-backend2\\vendor\\laravel\\framework\\src\\Illuminate\\Pipeline\\Pipeline.php(126): Illuminate\\Pipeline\\Pipeline->Illuminate\\Pipeline\\{closure}(Object(Illuminate\\Http\\Request))
#40 C:\\Users\\USER\\Documents\\MyApps\\CONS\\portal\\cons-portal-backend2\\vendor\\laravel\\framework\\src\\Illuminate\\Foundation\\Http\\Kernel.php(175): Illuminate\\Pipeline\\Pipeline->then(Object(Closure))
#41 C:\\Users\\USER\\Documents\\MyApps\\CONS\\portal\\cons-portal-backend2\\vendor\\laravel\\framework\\src\\Illuminate\\Foundation\\Http\\Kernel.php(144): Illuminate\\Foundation\\Http\\Kernel->sendRequestThroughRouter(Object(Illuminate\\Http\\Request))
#42 C:\\Users\\USER\\Documents\\MyApps\\CONS\\portal\\cons-portal-backend2\\public\\index.php(51): Illuminate\\Foundation\\Http\\Kernel->handle(Object(Illuminate\\Http\\Request))
#43 C:\\Users\\USER\\Documents\\MyApps\\CONS\\portal\\cons-portal-backend2\\vendor\\laravel\\framework\\src\\Illuminate\\Foundation\\resources\\server.php(23): require_once('C:\\\\Users\\\\USER\\\\D...')
#44 {main}
"} 
[2025-09-16 23:09:05] local.ERROR: Attempt to read property "gender" on null {"userId":33,"exception":"[object] (ErrorException(code: 0): Attempt to read property \"gender\" on null at C:\\Users\\USER\\Documents\\MyApps\\CONS\\portal\\cons-portal-backend2\\app\\Http\\Controllers\\ApplicationController.php:503)
[stacktrace]
#0 C:\\Users\\USER\\Documents\\MyApps\\CONS\\portal\\cons-portal-backend2\\vendor\\laravel\\framework\\src\\Illuminate\\Foundation\\Bootstrap\\HandleExceptions.php(256): Illuminate\\Foundation\\Bootstrap\\HandleExceptions->handleError(2, 'Attempt to read...', 'C:\\\\Users\\\\USER\\\\D...', 503)
#1 C:\\Users\\USER\\Documents\\MyApps\\CONS\\portal\\cons-portal-backend2\\app\\Http\\Controllers\\ApplicationController.php(503): Illuminate\\Foundation\\Bootstrap\\HandleExceptions->Illuminate\\Foundation\\Bootstrap\\{closure}(2, 'Attempt to read...', 'C:\\\\Users\\\\USER\\\\D...', 503)
#2 C:\\Users\\USER\\Documents\\MyApps\\CONS\\portal\\cons-portal-backend2\\vendor\\laravel\\framework\\src\\Illuminate\\Collections\\Collection.php(521): App\\Http\\Controllers\\ApplicationController->App\\Http\\Controllers\\{closure}(Object(App\\Models\\Applications), 68)
#3 C:\\Users\\USER\\Documents\\MyApps\\CONS\\portal\\cons-portal-backend2\\app\\Http\\Controllers\\ApplicationController.php(501): Illuminate\\Support\\Collection->groupBy(Object(Closure))
#4 C:\\Users\\USER\\Documents\\MyApps\\CONS\\portal\\cons-portal-backend2\\vendor\\laravel\\framework\\src\\Illuminate\\Routing\\Controller.php(54): App\\Http\\Controllers\\ApplicationController->candidates_gender(Object(Illuminate\\Http\\Request))
#5 C:\\Users\\USER\\Documents\\MyApps\\CONS\\portal\\cons-portal-backend2\\vendor\\laravel\\framework\\src\\Illuminate\\Routing\\ControllerDispatcher.php(43): Illuminate\\Routing\\Controller->callAction('candidates_gend...', Array)
#6 C:\\Users\\USER\\Documents\\MyApps\\CONS\\portal\\cons-portal-backend2\\vendor\\laravel\\framework\\src\\Illuminate\\Routing\\Route.php(265): Illuminate\\Routing\\ControllerDispatcher->dispatch(Object(Illuminate\\Routing\\Route), Object(App\\Http\\Controllers\\ApplicationController), 'candidates_gend...')
#7 C:\\Users\\USER\\Documents\\MyApps\\CONS\\portal\\cons-portal-backend2\\vendor\\laravel\\framework\\src\\Illuminate\\Routing\\Route.php(211): Illuminate\\Routing\\Route->runController()
#8 C:\\Users\\USER\\Documents\\MyApps\\CONS\\portal\\cons-portal-backend2\\vendor\\laravel\\framework\\src\\Illuminate\\Routing\\Router.php(808): Illuminate\\Routing\\Route->run()
#9 C:\\Users\\USER\\Documents\\MyApps\\CONS\\portal\\cons-portal-backend2\\vendor\\laravel\\framework\\src\\Illuminate\\Pipeline\\Pipeline.php(169): Illuminate\\Routing\\Router->Illuminate\\Routing\\{closure}(Object(Illuminate\\Http\\Request))
#10 C:\\Users\\USER\\Documents\\MyApps\\CONS\\portal\\cons-portal-backend2\\app\\Http\\Middleware\\VerifyJwtToken.php(55): Illuminate\\Pipeline\\Pipeline->Illuminate\\Pipeline\\{closure}(Object(Illuminate\\Http\\Request))
#11 C:\\Users\\USER\\Documents\\MyApps\\CONS\\portal\\cons-portal-backend2\\vendor\\laravel\\framework\\src\\Illuminate\\Pipeline\\Pipeline.php(208): App\\Http\\Middleware\\VerifyJwtToken->handle(Object(Illuminate\\Http\\Request), Object(Closure))
#12 C:\\Users\\USER\\Documents\\MyApps\\CONS\\portal\\cons-portal-backend2\\vendor\\laravel\\framework\\src\\Illuminate\\Routing\\Middleware\\SubstituteBindings.php(50): Illuminate\\Pipeline\\Pipeline->Illuminate\\Pipeline\\{closure}(Object(Illuminate\\Http\\Request))
#13 C:\\Users\\USER\\Documents\\MyApps\\CONS\\portal\\cons-portal-backend2\\vendor\\laravel\\framework\\src\\Illuminate\\Pipeline\\Pipeline.php(208): Illuminate\\Routing\\Middleware\\SubstituteBindings->handle(Object(Illuminate\\Http\\Request), Object(Closure))
#14 C:\\Users\\USER\\Documents\\MyApps\\CONS\\portal\\cons-portal-backend2\\vendor\\laravel\\framework\\src\\Illuminate\\Routing\\Middleware\\ThrottleRequests.php(160): Illuminate\\Pipeline\\Pipeline->Illuminate\\Pipeline\\{closure}(Object(Illuminate\\Http\\Request))
#15 C:\\Users\\USER\\Documents\\MyApps\\CONS\\portal\\cons-portal-backend2\\vendor\\laravel\\framework\\src\\Illuminate\\Routing\\Middleware\\ThrottleRequests.php(126): Illuminate\\Routing\\Middleware\\ThrottleRequests->handleRequest(Object(Illuminate\\Http\\Request), Object(Closure), Array)
#16 C:\\Users\\USER\\Documents\\MyApps\\CONS\\portal\\cons-portal-backend2\\vendor\\laravel\\framework\\src\\Illuminate\\Routing\\Middleware\\ThrottleRequests.php(88): Illuminate\\Routing\\Middleware\\ThrottleRequests->handleRequestUsingNamedLimiter(Object(Illuminate\\Http\\Request), Object(Closure), 'api', Object(Closure))
#17 C:\\Users\\USER\\Documents\\MyApps\\CONS\\portal\\cons-portal-backend2\\vendor\\laravel\\framework\\src\\Illuminate\\Pipeline\\Pipeline.php(208): Illuminate\\Routing\\Middleware\\ThrottleRequests->handle(Object(Illuminate\\Http\\Request), Object(Closure), 'api')
#18 C:\\Users\\USER\\Documents\\MyApps\\CONS\\portal\\cons-portal-backend2\\vendor\\laravel\\framework\\src\\Illuminate\\Pipeline\\Pipeline.php(126): Illuminate\\Pipeline\\Pipeline->Illuminate\\Pipeline\\{closure}(Object(Illuminate\\Http\\Request))
#19 C:\\Users\\USER\\Documents\\MyApps\\CONS\\portal\\cons-portal-backend2\\vendor\\laravel\\framework\\src\\Illuminate\\Routing\\Router.php(807): Illuminate\\Pipeline\\Pipeline->then(Object(Closure))
#20 C:\\Users\\USER\\Documents\\MyApps\\CONS\\portal\\cons-portal-backend2\\vendor\\laravel\\framework\\src\\Illuminate\\Routing\\Router.php(786): Illuminate\\Routing\\Router->runRouteWithinStack(Object(Illuminate\\Routing\\Route), Object(Illuminate\\Http\\Request))
#21 C:\\Users\\USER\\Documents\\MyApps\\CONS\\portal\\cons-portal-backend2\\vendor\\laravel\\framework\\src\\Illuminate\\Routing\\Router.php(750): Illuminate\\Routing\\Router->runRoute(Object(Illuminate\\Http\\Request), Object(Illuminate\\Routing\\Route))
#22 C:\\Users\\USER\\Documents\\MyApps\\CONS\\portal\\cons-portal-backend2\\vendor\\laravel\\framework\\src\\Illuminate\\Routing\\Router.php(739): Illuminate\\Routing\\Router->dispatchToRoute(Object(Illuminate\\Http\\Request))
#23 C:\\Users\\USER\\Documents\\MyApps\\CONS\\portal\\cons-portal-backend2\\vendor\\laravel\\framework\\src\\Illuminate\\Foundation\\Http\\Kernel.php(200): Illuminate\\Routing\\Router->dispatch(Object(Illuminate\\Http\\Request))
#24 C:\\Users\\USER\\Documents\\MyApps\\CONS\\portal\\cons-portal-backend2\\vendor\\laravel\\framework\\src\\Illuminate\\Pipeline\\Pipeline.php(169): Illuminate\\Foundation\\Http\\Kernel->Illuminate\\Foundation\\Http\\{closure}(Object(Illuminate\\Http\\Request))
#25 C:\\Users\\USER\\Documents\\MyApps\\CONS\\portal\\cons-portal-backend2\\vendor\\laravel\\framework\\src\\Illuminate\\Foundation\\Http\\Middleware\\TransformsRequest.php(21): Illuminate\\Pipeline\\Pipeline->Illuminate\\Pipeline\\{closure}(Object(Illuminate\\Http\\Request))
#26 C:\\Users\\USER\\Documents\\MyApps\\CONS\\portal\\cons-portal-backend2\\vendor\\laravel\\framework\\src\\Illuminate\\Foundation\\Http\\Middleware\\ConvertEmptyStringsToNull.php(31): Illuminate\\Foundation\\Http\\Middleware\\TransformsRequest->handle(Object(Illuminate\\Http\\Request), Object(Closure))
#27 C:\\Users\\USER\\Documents\\MyApps\\CONS\\portal\\cons-portal-backend2\\vendor\\laravel\\framework\\src\\Illuminate\\Pipeline\\Pipeline.php(208): Illuminate\\Foundation\\Http\\Middleware\\ConvertEmptyStringsToNull->handle(Object(Illuminate\\Http\\Request), Object(Closure))
#28 C:\\Users\\USER\\Documents\\MyApps\\CONS\\portal\\cons-portal-backend2\\vendor\\laravel\\framework\\src\\Illuminate\\Foundation\\Http\\Middleware\\TransformsRequest.php(21): Illuminate\\Pipeline\\Pipeline->Illuminate\\Pipeline\\{closure}(Object(Illuminate\\Http\\Request))
#29 C:\\Users\\USER\\Documents\\MyApps\\CONS\\portal\\cons-portal-backend2\\vendor\\laravel\\framework\\src\\Illuminate\\Foundation\\Http\\Middleware\\TrimStrings.php(51): Illuminate\\Foundation\\Http\\Middleware\\TransformsRequest->handle(Object(Illuminate\\Http\\Request), Object(Closure))
#30 C:\\Users\\USER\\Documents\\MyApps\\CONS\\portal\\cons-portal-backend2\\vendor\\laravel\\framework\\src\\Illuminate\\Pipeline\\Pipeline.php(208): Illuminate\\Foundation\\Http\\Middleware\\TrimStrings->handle(Object(Illuminate\\Http\\Request), Object(Closure))
#31 C:\\Users\\USER\\Documents\\MyApps\\CONS\\portal\\cons-portal-backend2\\vendor\\laravel\\framework\\src\\Illuminate\\Http\\Middleware\\ValidatePostSize.php(27): Illuminate\\Pipeline\\Pipeline->Illuminate\\Pipeline\\{closure}(Object(Illuminate\\Http\\Request))
#32 C:\\Users\\USER\\Documents\\MyApps\\CONS\\portal\\cons-portal-backend2\\vendor\\laravel\\framework\\src\\Illuminate\\Pipeline\\Pipeline.php(208): Illuminate\\Http\\Middleware\\ValidatePostSize->handle(Object(Illuminate\\Http\\Request), Object(Closure))
#33 C:\\Users\\USER\\Documents\\MyApps\\CONS\\portal\\cons-portal-backend2\\vendor\\laravel\\framework\\src\\Illuminate\\Foundation\\Http\\Middleware\\PreventRequestsDuringMaintenance.php(109): Illuminate\\Pipeline\\Pipeline->Illuminate\\Pipeline\\{closure}(Object(Illuminate\\Http\\Request))
#34 C:\\Users\\USER\\Documents\\MyApps\\CONS\\portal\\cons-portal-backend2\\vendor\\laravel\\framework\\src\\Illuminate\\Pipeline\\Pipeline.php(208): Illuminate\\Foundation\\Http\\Middleware\\PreventRequestsDuringMaintenance->handle(Object(Illuminate\\Http\\Request), Object(Closure))
#35 C:\\Users\\USER\\Documents\\MyApps\\CONS\\portal\\cons-portal-backend2\\vendor\\laravel\\framework\\src\\Illuminate\\Http\\Middleware\\HandleCors.php(61): Illuminate\\Pipeline\\Pipeline->Illuminate\\Pipeline\\{closure}(Object(Illuminate\\Http\\Request))
#36 C:\\Users\\USER\\Documents\\MyApps\\CONS\\portal\\cons-portal-backend2\\vendor\\laravel\\framework\\src\\Illuminate\\Pipeline\\Pipeline.php(208): Illuminate\\Http\\Middleware\\HandleCors->handle(Object(Illuminate\\Http\\Request), Object(Closure))
#37 C:\\Users\\USER\\Documents\\MyApps\\CONS\\portal\\cons-portal-backend2\\vendor\\laravel\\framework\\src\\Illuminate\\Http\\Middleware\\TrustProxies.php(58): Illuminate\\Pipeline\\Pipeline->Illuminate\\Pipeline\\{closure}(Object(Illuminate\\Http\\Request))
#38 C:\\Users\\USER\\Documents\\MyApps\\CONS\\portal\\cons-portal-backend2\\vendor\\laravel\\framework\\src\\Illuminate\\Pipeline\\Pipeline.php(208): Illuminate\\Http\\Middleware\\TrustProxies->handle(Object(Illuminate\\Http\\Request), Object(Closure))
#39 C:\\Users\\USER\\Documents\\MyApps\\CONS\\portal\\cons-portal-backend2\\vendor\\laravel\\framework\\src\\Illuminate\\Pipeline\\Pipeline.php(126): Illuminate\\Pipeline\\Pipeline->Illuminate\\Pipeline\\{closure}(Object(Illuminate\\Http\\Request))
#40 C:\\Users\\USER\\Documents\\MyApps\\CONS\\portal\\cons-portal-backend2\\vendor\\laravel\\framework\\src\\Illuminate\\Foundation\\Http\\Kernel.php(175): Illuminate\\Pipeline\\Pipeline->then(Object(Closure))
#41 C:\\Users\\USER\\Documents\\MyApps\\CONS\\portal\\cons-portal-backend2\\vendor\\laravel\\framework\\src\\Illuminate\\Foundation\\Http\\Kernel.php(144): Illuminate\\Foundation\\Http\\Kernel->sendRequestThroughRouter(Object(Illuminate\\Http\\Request))
#42 C:\\Users\\USER\\Documents\\MyApps\\CONS\\portal\\cons-portal-backend2\\public\\index.php(51): Illuminate\\Foundation\\Http\\Kernel->handle(Object(Illuminate\\Http\\Request))
#43 C:\\Users\\USER\\Documents\\MyApps\\CONS\\portal\\cons-portal-backend2\\vendor\\laravel\\framework\\src\\Illuminate\\Foundation\\resources\\server.php(23): require_once('C:\\\\Users\\\\USER\\\\D...')
#44 {main}
"} 
[2025-09-16 23:15:55] local.ERROR: Attempt to read property "gender" on null {"userId":33,"exception":"[object] (ErrorException(code: 0): Attempt to read property \"gender\" on null at C:\\Users\\USER\\Documents\\MyApps\\CONS\\portal\\cons-portal-backend2\\app\\Http\\Controllers\\ApplicationController.php:503)
[stacktrace]
#0 C:\\Users\\USER\\Documents\\MyApps\\CONS\\portal\\cons-portal-backend2\\vendor\\laravel\\framework\\src\\Illuminate\\Foundation\\Bootstrap\\HandleExceptions.php(256): Illuminate\\Foundation\\Bootstrap\\HandleExceptions->handleError(2, 'Attempt to read...', 'C:\\\\Users\\\\USER\\\\D...', 503)
#1 C:\\Users\\USER\\Documents\\MyApps\\CONS\\portal\\cons-portal-backend2\\app\\Http\\Controllers\\ApplicationController.php(503): Illuminate\\Foundation\\Bootstrap\\HandleExceptions->Illuminate\\Foundation\\Bootstrap\\{closure}(2, 'Attempt to read...', 'C:\\\\Users\\\\USER\\\\D...', 503)
#2 C:\\Users\\USER\\Documents\\MyApps\\CONS\\portal\\cons-portal-backend2\\vendor\\laravel\\framework\\src\\Illuminate\\Collections\\Collection.php(521): App\\Http\\Controllers\\ApplicationController->App\\Http\\Controllers\\{closure}(Object(App\\Models\\Applications), 68)
#3 C:\\Users\\USER\\Documents\\MyApps\\CONS\\portal\\cons-portal-backend2\\app\\Http\\Controllers\\ApplicationController.php(501): Illuminate\\Support\\Collection->groupBy(Object(Closure))
#4 C:\\Users\\USER\\Documents\\MyApps\\CONS\\portal\\cons-portal-backend2\\vendor\\laravel\\framework\\src\\Illuminate\\Routing\\Controller.php(54): App\\Http\\Controllers\\ApplicationController->candidates_gender(Object(Illuminate\\Http\\Request))
#5 C:\\Users\\USER\\Documents\\MyApps\\CONS\\portal\\cons-portal-backend2\\vendor\\laravel\\framework\\src\\Illuminate\\Routing\\ControllerDispatcher.php(43): Illuminate\\Routing\\Controller->callAction('candidates_gend...', Array)
#6 C:\\Users\\USER\\Documents\\MyApps\\CONS\\portal\\cons-portal-backend2\\vendor\\laravel\\framework\\src\\Illuminate\\Routing\\Route.php(265): Illuminate\\Routing\\ControllerDispatcher->dispatch(Object(Illuminate\\Routing\\Route), Object(App\\Http\\Controllers\\ApplicationController), 'candidates_gend...')
#7 C:\\Users\\USER\\Documents\\MyApps\\CONS\\portal\\cons-portal-backend2\\vendor\\laravel\\framework\\src\\Illuminate\\Routing\\Route.php(211): Illuminate\\Routing\\Route->runController()
#8 C:\\Users\\USER\\Documents\\MyApps\\CONS\\portal\\cons-portal-backend2\\vendor\\laravel\\framework\\src\\Illuminate\\Routing\\Router.php(808): Illuminate\\Routing\\Route->run()
#9 C:\\Users\\USER\\Documents\\MyApps\\CONS\\portal\\cons-portal-backend2\\vendor\\laravel\\framework\\src\\Illuminate\\Pipeline\\Pipeline.php(169): Illuminate\\Routing\\Router->Illuminate\\Routing\\{closure}(Object(Illuminate\\Http\\Request))
#10 C:\\Users\\USER\\Documents\\MyApps\\CONS\\portal\\cons-portal-backend2\\app\\Http\\Middleware\\VerifyJwtToken.php(55): Illuminate\\Pipeline\\Pipeline->Illuminate\\Pipeline\\{closure}(Object(Illuminate\\Http\\Request))
#11 C:\\Users\\USER\\Documents\\MyApps\\CONS\\portal\\cons-portal-backend2\\vendor\\laravel\\framework\\src\\Illuminate\\Pipeline\\Pipeline.php(208): App\\Http\\Middleware\\VerifyJwtToken->handle(Object(Illuminate\\Http\\Request), Object(Closure))
#12 C:\\Users\\USER\\Documents\\MyApps\\CONS\\portal\\cons-portal-backend2\\vendor\\laravel\\framework\\src\\Illuminate\\Routing\\Middleware\\SubstituteBindings.php(50): Illuminate\\Pipeline\\Pipeline->Illuminate\\Pipeline\\{closure}(Object(Illuminate\\Http\\Request))
#13 C:\\Users\\USER\\Documents\\MyApps\\CONS\\portal\\cons-portal-backend2\\vendor\\laravel\\framework\\src\\Illuminate\\Pipeline\\Pipeline.php(208): Illuminate\\Routing\\Middleware\\SubstituteBindings->handle(Object(Illuminate\\Http\\Request), Object(Closure))
#14 C:\\Users\\USER\\Documents\\MyApps\\CONS\\portal\\cons-portal-backend2\\vendor\\laravel\\framework\\src\\Illuminate\\Routing\\Middleware\\ThrottleRequests.php(160): Illuminate\\Pipeline\\Pipeline->Illuminate\\Pipeline\\{closure}(Object(Illuminate\\Http\\Request))
#15 C:\\Users\\USER\\Documents\\MyApps\\CONS\\portal\\cons-portal-backend2\\vendor\\laravel\\framework\\src\\Illuminate\\Routing\\Middleware\\ThrottleRequests.php(126): Illuminate\\Routing\\Middleware\\ThrottleRequests->handleRequest(Object(Illuminate\\Http\\Request), Object(Closure), Array)
#16 C:\\Users\\USER\\Documents\\MyApps\\CONS\\portal\\cons-portal-backend2\\vendor\\laravel\\framework\\src\\Illuminate\\Routing\\Middleware\\ThrottleRequests.php(88): Illuminate\\Routing\\Middleware\\ThrottleRequests->handleRequestUsingNamedLimiter(Object(Illuminate\\Http\\Request), Object(Closure), 'api', Object(Closure))
#17 C:\\Users\\USER\\Documents\\MyApps\\CONS\\portal\\cons-portal-backend2\\vendor\\laravel\\framework\\src\\Illuminate\\Pipeline\\Pipeline.php(208): Illuminate\\Routing\\Middleware\\ThrottleRequests->handle(Object(Illuminate\\Http\\Request), Object(Closure), 'api')
#18 C:\\Users\\USER\\Documents\\MyApps\\CONS\\portal\\cons-portal-backend2\\vendor\\laravel\\framework\\src\\Illuminate\\Pipeline\\Pipeline.php(126): Illuminate\\Pipeline\\Pipeline->Illuminate\\Pipeline\\{closure}(Object(Illuminate\\Http\\Request))
#19 C:\\Users\\USER\\Documents\\MyApps\\CONS\\portal\\cons-portal-backend2\\vendor\\laravel\\framework\\src\\Illuminate\\Routing\\Router.php(807): Illuminate\\Pipeline\\Pipeline->then(Object(Closure))
#20 C:\\Users\\USER\\Documents\\MyApps\\CONS\\portal\\cons-portal-backend2\\vendor\\laravel\\framework\\src\\Illuminate\\Routing\\Router.php(786): Illuminate\\Routing\\Router->runRouteWithinStack(Object(Illuminate\\Routing\\Route), Object(Illuminate\\Http\\Request))
#21 C:\\Users\\USER\\Documents\\MyApps\\CONS\\portal\\cons-portal-backend2\\vendor\\laravel\\framework\\src\\Illuminate\\Routing\\Router.php(750): Illuminate\\Routing\\Router->runRoute(Object(Illuminate\\Http\\Request), Object(Illuminate\\Routing\\Route))
#22 C:\\Users\\USER\\Documents\\MyApps\\CONS\\portal\\cons-portal-backend2\\vendor\\laravel\\framework\\src\\Illuminate\\Routing\\Router.php(739): Illuminate\\Routing\\Router->dispatchToRoute(Object(Illuminate\\Http\\Request))
#23 C:\\Users\\USER\\Documents\\MyApps\\CONS\\portal\\cons-portal-backend2\\vendor\\laravel\\framework\\src\\Illuminate\\Foundation\\Http\\Kernel.php(200): Illuminate\\Routing\\Router->dispatch(Object(Illuminate\\Http\\Request))
#24 C:\\Users\\USER\\Documents\\MyApps\\CONS\\portal\\cons-portal-backend2\\vendor\\laravel\\framework\\src\\Illuminate\\Pipeline\\Pipeline.php(169): Illuminate\\Foundation\\Http\\Kernel->Illuminate\\Foundation\\Http\\{closure}(Object(Illuminate\\Http\\Request))
#25 C:\\Users\\USER\\Documents\\MyApps\\CONS\\portal\\cons-portal-backend2\\vendor\\laravel\\framework\\src\\Illuminate\\Foundation\\Http\\Middleware\\TransformsRequest.php(21): Illuminate\\Pipeline\\Pipeline->Illuminate\\Pipeline\\{closure}(Object(Illuminate\\Http\\Request))
#26 C:\\Users\\USER\\Documents\\MyApps\\CONS\\portal\\cons-portal-backend2\\vendor\\laravel\\framework\\src\\Illuminate\\Foundation\\Http\\Middleware\\ConvertEmptyStringsToNull.php(31): Illuminate\\Foundation\\Http\\Middleware\\TransformsRequest->handle(Object(Illuminate\\Http\\Request), Object(Closure))
#27 C:\\Users\\USER\\Documents\\MyApps\\CONS\\portal\\cons-portal-backend2\\vendor\\laravel\\framework\\src\\Illuminate\\Pipeline\\Pipeline.php(208): Illuminate\\Foundation\\Http\\Middleware\\ConvertEmptyStringsToNull->handle(Object(Illuminate\\Http\\Request), Object(Closure))
#28 C:\\Users\\USER\\Documents\\MyApps\\CONS\\portal\\cons-portal-backend2\\vendor\\laravel\\framework\\src\\Illuminate\\Foundation\\Http\\Middleware\\TransformsRequest.php(21): Illuminate\\Pipeline\\Pipeline->Illuminate\\Pipeline\\{closure}(Object(Illuminate\\Http\\Request))
#29 C:\\Users\\USER\\Documents\\MyApps\\CONS\\portal\\cons-portal-backend2\\vendor\\laravel\\framework\\src\\Illuminate\\Foundation\\Http\\Middleware\\TrimStrings.php(51): Illuminate\\Foundation\\Http\\Middleware\\TransformsRequest->handle(Object(Illuminate\\Http\\Request), Object(Closure))
#30 C:\\Users\\USER\\Documents\\MyApps\\CONS\\portal\\cons-portal-backend2\\vendor\\laravel\\framework\\src\\Illuminate\\Pipeline\\Pipeline.php(208): Illuminate\\Foundation\\Http\\Middleware\\TrimStrings->handle(Object(Illuminate\\Http\\Request), Object(Closure))
#31 C:\\Users\\USER\\Documents\\MyApps\\CONS\\portal\\cons-portal-backend2\\vendor\\laravel\\framework\\src\\Illuminate\\Http\\Middleware\\ValidatePostSize.php(27): Illuminate\\Pipeline\\Pipeline->Illuminate\\Pipeline\\{closure}(Object(Illuminate\\Http\\Request))
#32 C:\\Users\\USER\\Documents\\MyApps\\CONS\\portal\\cons-portal-backend2\\vendor\\laravel\\framework\\src\\Illuminate\\Pipeline\\Pipeline.php(208): Illuminate\\Http\\Middleware\\ValidatePostSize->handle(Object(Illuminate\\Http\\Request), Object(Closure))
#33 C:\\Users\\USER\\Documents\\MyApps\\CONS\\portal\\cons-portal-backend2\\vendor\\laravel\\framework\\src\\Illuminate\\Foundation\\Http\\Middleware\\PreventRequestsDuringMaintenance.php(109): Illuminate\\Pipeline\\Pipeline->Illuminate\\Pipeline\\{closure}(Object(Illuminate\\Http\\Request))
#34 C:\\Users\\USER\\Documents\\MyApps\\CONS\\portal\\cons-portal-backend2\\vendor\\laravel\\framework\\src\\Illuminate\\Pipeline\\Pipeline.php(208): Illuminate\\Foundation\\Http\\Middleware\\PreventRequestsDuringMaintenance->handle(Object(Illuminate\\Http\\Request), Object(Closure))
#35 C:\\Users\\USER\\Documents\\MyApps\\CONS\\portal\\cons-portal-backend2\\vendor\\laravel\\framework\\src\\Illuminate\\Http\\Middleware\\HandleCors.php(61): Illuminate\\Pipeline\\Pipeline->Illuminate\\Pipeline\\{closure}(Object(Illuminate\\Http\\Request))
#36 C:\\Users\\USER\\Documents\\MyApps\\CONS\\portal\\cons-portal-backend2\\vendor\\laravel\\framework\\src\\Illuminate\\Pipeline\\Pipeline.php(208): Illuminate\\Http\\Middleware\\HandleCors->handle(Object(Illuminate\\Http\\Request), Object(Closure))
#37 C:\\Users\\USER\\Documents\\MyApps\\CONS\\portal\\cons-portal-backend2\\vendor\\laravel\\framework\\src\\Illuminate\\Http\\Middleware\\TrustProxies.php(58): Illuminate\\Pipeline\\Pipeline->Illuminate\\Pipeline\\{closure}(Object(Illuminate\\Http\\Request))
#38 C:\\Users\\USER\\Documents\\MyApps\\CONS\\portal\\cons-portal-backend2\\vendor\\laravel\\framework\\src\\Illuminate\\Pipeline\\Pipeline.php(208): Illuminate\\Http\\Middleware\\TrustProxies->handle(Object(Illuminate\\Http\\Request), Object(Closure))
#39 C:\\Users\\USER\\Documents\\MyApps\\CONS\\portal\\cons-portal-backend2\\vendor\\laravel\\framework\\src\\Illuminate\\Pipeline\\Pipeline.php(126): Illuminate\\Pipeline\\Pipeline->Illuminate\\Pipeline\\{closure}(Object(Illuminate\\Http\\Request))
#40 C:\\Users\\USER\\Documents\\MyApps\\CONS\\portal\\cons-portal-backend2\\vendor\\laravel\\framework\\src\\Illuminate\\Foundation\\Http\\Kernel.php(175): Illuminate\\Pipeline\\Pipeline->then(Object(Closure))
#41 C:\\Users\\USER\\Documents\\MyApps\\CONS\\portal\\cons-portal-backend2\\vendor\\laravel\\framework\\src\\Illuminate\\Foundation\\Http\\Kernel.php(144): Illuminate\\Foundation\\Http\\Kernel->sendRequestThroughRouter(Object(Illuminate\\Http\\Request))
#42 C:\\Users\\USER\\Documents\\MyApps\\CONS\\portal\\cons-portal-backend2\\public\\index.php(51): Illuminate\\Foundation\\Http\\Kernel->handle(Object(Illuminate\\Http\\Request))
#43 C:\\Users\\USER\\Documents\\MyApps\\CONS\\portal\\cons-portal-backend2\\vendor\\laravel\\framework\\src\\Illuminate\\Foundation\\resources\\server.php(23): require_once('C:\\\\Users\\\\USER\\\\D...')
#44 {main}
"} 
[2025-09-16 23:15:55] local.ERROR: Attempt to read property "gender" on null {"userId":33,"exception":"[object] (ErrorException(code: 0): Attempt to read property \"gender\" on null at C:\\Users\\USER\\Documents\\MyApps\\CONS\\portal\\cons-portal-backend2\\app\\Http\\Controllers\\ApplicationController.php:503)
[stacktrace]
#0 C:\\Users\\USER\\Documents\\MyApps\\CONS\\portal\\cons-portal-backend2\\vendor\\laravel\\framework\\src\\Illuminate\\Foundation\\Bootstrap\\HandleExceptions.php(256): Illuminate\\Foundation\\Bootstrap\\HandleExceptions->handleError(2, 'Attempt to read...', 'C:\\\\Users\\\\USER\\\\D...', 503)
#1 C:\\Users\\USER\\Documents\\MyApps\\CONS\\portal\\cons-portal-backend2\\app\\Http\\Controllers\\ApplicationController.php(503): Illuminate\\Foundation\\Bootstrap\\HandleExceptions->Illuminate\\Foundation\\Bootstrap\\{closure}(2, 'Attempt to read...', 'C:\\\\Users\\\\USER\\\\D...', 503)
#2 C:\\Users\\USER\\Documents\\MyApps\\CONS\\portal\\cons-portal-backend2\\vendor\\laravel\\framework\\src\\Illuminate\\Collections\\Collection.php(521): App\\Http\\Controllers\\ApplicationController->App\\Http\\Controllers\\{closure}(Object(App\\Models\\Applications), 68)
#3 C:\\Users\\USER\\Documents\\MyApps\\CONS\\portal\\cons-portal-backend2\\app\\Http\\Controllers\\ApplicationController.php(501): Illuminate\\Support\\Collection->groupBy(Object(Closure))
#4 C:\\Users\\USER\\Documents\\MyApps\\CONS\\portal\\cons-portal-backend2\\vendor\\laravel\\framework\\src\\Illuminate\\Routing\\Controller.php(54): App\\Http\\Controllers\\ApplicationController->candidates_gender(Object(Illuminate\\Http\\Request))
#5 C:\\Users\\USER\\Documents\\MyApps\\CONS\\portal\\cons-portal-backend2\\vendor\\laravel\\framework\\src\\Illuminate\\Routing\\ControllerDispatcher.php(43): Illuminate\\Routing\\Controller->callAction('candidates_gend...', Array)
#6 C:\\Users\\USER\\Documents\\MyApps\\CONS\\portal\\cons-portal-backend2\\vendor\\laravel\\framework\\src\\Illuminate\\Routing\\Route.php(265): Illuminate\\Routing\\ControllerDispatcher->dispatch(Object(Illuminate\\Routing\\Route), Object(App\\Http\\Controllers\\ApplicationController), 'candidates_gend...')
#7 C:\\Users\\USER\\Documents\\MyApps\\CONS\\portal\\cons-portal-backend2\\vendor\\laravel\\framework\\src\\Illuminate\\Routing\\Route.php(211): Illuminate\\Routing\\Route->runController()
#8 C:\\Users\\USER\\Documents\\MyApps\\CONS\\portal\\cons-portal-backend2\\vendor\\laravel\\framework\\src\\Illuminate\\Routing\\Router.php(808): Illuminate\\Routing\\Route->run()
#9 C:\\Users\\USER\\Documents\\MyApps\\CONS\\portal\\cons-portal-backend2\\vendor\\laravel\\framework\\src\\Illuminate\\Pipeline\\Pipeline.php(169): Illuminate\\Routing\\Router->Illuminate\\Routing\\{closure}(Object(Illuminate\\Http\\Request))
#10 C:\\Users\\USER\\Documents\\MyApps\\CONS\\portal\\cons-portal-backend2\\app\\Http\\Middleware\\VerifyJwtToken.php(55): Illuminate\\Pipeline\\Pipeline->Illuminate\\Pipeline\\{closure}(Object(Illuminate\\Http\\Request))
#11 C:\\Users\\USER\\Documents\\MyApps\\CONS\\portal\\cons-portal-backend2\\vendor\\laravel\\framework\\src\\Illuminate\\Pipeline\\Pipeline.php(208): App\\Http\\Middleware\\VerifyJwtToken->handle(Object(Illuminate\\Http\\Request), Object(Closure))
#12 C:\\Users\\USER\\Documents\\MyApps\\CONS\\portal\\cons-portal-backend2\\vendor\\laravel\\framework\\src\\Illuminate\\Routing\\Middleware\\SubstituteBindings.php(50): Illuminate\\Pipeline\\Pipeline->Illuminate\\Pipeline\\{closure}(Object(Illuminate\\Http\\Request))
#13 C:\\Users\\USER\\Documents\\MyApps\\CONS\\portal\\cons-portal-backend2\\vendor\\laravel\\framework\\src\\Illuminate\\Pipeline\\Pipeline.php(208): Illuminate\\Routing\\Middleware\\SubstituteBindings->handle(Object(Illuminate\\Http\\Request), Object(Closure))
#14 C:\\Users\\USER\\Documents\\MyApps\\CONS\\portal\\cons-portal-backend2\\vendor\\laravel\\framework\\src\\Illuminate\\Routing\\Middleware\\ThrottleRequests.php(160): Illuminate\\Pipeline\\Pipeline->Illuminate\\Pipeline\\{closure}(Object(Illuminate\\Http\\Request))
#15 C:\\Users\\USER\\Documents\\MyApps\\CONS\\portal\\cons-portal-backend2\\vendor\\laravel\\framework\\src\\Illuminate\\Routing\\Middleware\\ThrottleRequests.php(126): Illuminate\\Routing\\Middleware\\ThrottleRequests->handleRequest(Object(Illuminate\\Http\\Request), Object(Closure), Array)
#16 C:\\Users\\USER\\Documents\\MyApps\\CONS\\portal\\cons-portal-backend2\\vendor\\laravel\\framework\\src\\Illuminate\\Routing\\Middleware\\ThrottleRequests.php(88): Illuminate\\Routing\\Middleware\\ThrottleRequests->handleRequestUsingNamedLimiter(Object(Illuminate\\Http\\Request), Object(Closure), 'api', Object(Closure))
#17 C:\\Users\\USER\\Documents\\MyApps\\CONS\\portal\\cons-portal-backend2\\vendor\\laravel\\framework\\src\\Illuminate\\Pipeline\\Pipeline.php(208): Illuminate\\Routing\\Middleware\\ThrottleRequests->handle(Object(Illuminate\\Http\\Request), Object(Closure), 'api')
#18 C:\\Users\\USER\\Documents\\MyApps\\CONS\\portal\\cons-portal-backend2\\vendor\\laravel\\framework\\src\\Illuminate\\Pipeline\\Pipeline.php(126): Illuminate\\Pipeline\\Pipeline->Illuminate\\Pipeline\\{closure}(Object(Illuminate\\Http\\Request))
#19 C:\\Users\\USER\\Documents\\MyApps\\CONS\\portal\\cons-portal-backend2\\vendor\\laravel\\framework\\src\\Illuminate\\Routing\\Router.php(807): Illuminate\\Pipeline\\Pipeline->then(Object(Closure))
#20 C:\\Users\\USER\\Documents\\MyApps\\CONS\\portal\\cons-portal-backend2\\vendor\\laravel\\framework\\src\\Illuminate\\Routing\\Router.php(786): Illuminate\\Routing\\Router->runRouteWithinStack(Object(Illuminate\\Routing\\Route), Object(Illuminate\\Http\\Request))
#21 C:\\Users\\USER\\Documents\\MyApps\\CONS\\portal\\cons-portal-backend2\\vendor\\laravel\\framework\\src\\Illuminate\\Routing\\Router.php(750): Illuminate\\Routing\\Router->runRoute(Object(Illuminate\\Http\\Request), Object(Illuminate\\Routing\\Route))
#22 C:\\Users\\USER\\Documents\\MyApps\\CONS\\portal\\cons-portal-backend2\\vendor\\laravel\\framework\\src\\Illuminate\\Routing\\Router.php(739): Illuminate\\Routing\\Router->dispatchToRoute(Object(Illuminate\\Http\\Request))
#23 C:\\Users\\USER\\Documents\\MyApps\\CONS\\portal\\cons-portal-backend2\\vendor\\laravel\\framework\\src\\Illuminate\\Foundation\\Http\\Kernel.php(200): Illuminate\\Routing\\Router->dispatch(Object(Illuminate\\Http\\Request))
#24 C:\\Users\\USER\\Documents\\MyApps\\CONS\\portal\\cons-portal-backend2\\vendor\\laravel\\framework\\src\\Illuminate\\Pipeline\\Pipeline.php(169): Illuminate\\Foundation\\Http\\Kernel->Illuminate\\Foundation\\Http\\{closure}(Object(Illuminate\\Http\\Request))
#25 C:\\Users\\USER\\Documents\\MyApps\\CONS\\portal\\cons-portal-backend2\\vendor\\laravel\\framework\\src\\Illuminate\\Foundation\\Http\\Middleware\\TransformsRequest.php(21): Illuminate\\Pipeline\\Pipeline->Illuminate\\Pipeline\\{closure}(Object(Illuminate\\Http\\Request))
#26 C:\\Users\\USER\\Documents\\MyApps\\CONS\\portal\\cons-portal-backend2\\vendor\\laravel\\framework\\src\\Illuminate\\Foundation\\Http\\Middleware\\ConvertEmptyStringsToNull.php(31): Illuminate\\Foundation\\Http\\Middleware\\TransformsRequest->handle(Object(Illuminate\\Http\\Request), Object(Closure))
#27 C:\\Users\\USER\\Documents\\MyApps\\CONS\\portal\\cons-portal-backend2\\vendor\\laravel\\framework\\src\\Illuminate\\Pipeline\\Pipeline.php(208): Illuminate\\Foundation\\Http\\Middleware\\ConvertEmptyStringsToNull->handle(Object(Illuminate\\Http\\Request), Object(Closure))
#28 C:\\Users\\USER\\Documents\\MyApps\\CONS\\portal\\cons-portal-backend2\\vendor\\laravel\\framework\\src\\Illuminate\\Foundation\\Http\\Middleware\\TransformsRequest.php(21): Illuminate\\Pipeline\\Pipeline->Illuminate\\Pipeline\\{closure}(Object(Illuminate\\Http\\Request))
#29 C:\\Users\\USER\\Documents\\MyApps\\CONS\\portal\\cons-portal-backend2\\vendor\\laravel\\framework\\src\\Illuminate\\Foundation\\Http\\Middleware\\TrimStrings.php(51): Illuminate\\Foundation\\Http\\Middleware\\TransformsRequest->handle(Object(Illuminate\\Http\\Request), Object(Closure))
#30 C:\\Users\\USER\\Documents\\MyApps\\CONS\\portal\\cons-portal-backend2\\vendor\\laravel\\framework\\src\\Illuminate\\Pipeline\\Pipeline.php(208): Illuminate\\Foundation\\Http\\Middleware\\TrimStrings->handle(Object(Illuminate\\Http\\Request), Object(Closure))
#31 C:\\Users\\USER\\Documents\\MyApps\\CONS\\portal\\cons-portal-backend2\\vendor\\laravel\\framework\\src\\Illuminate\\Http\\Middleware\\ValidatePostSize.php(27): Illuminate\\Pipeline\\Pipeline->Illuminate\\Pipeline\\{closure}(Object(Illuminate\\Http\\Request))
#32 C:\\Users\\USER\\Documents\\MyApps\\CONS\\portal\\cons-portal-backend2\\vendor\\laravel\\framework\\src\\Illuminate\\Pipeline\\Pipeline.php(208): Illuminate\\Http\\Middleware\\ValidatePostSize->handle(Object(Illuminate\\Http\\Request), Object(Closure))
#33 C:\\Users\\USER\\Documents\\MyApps\\CONS\\portal\\cons-portal-backend2\\vendor\\laravel\\framework\\src\\Illuminate\\Foundation\\Http\\Middleware\\PreventRequestsDuringMaintenance.php(109): Illuminate\\Pipeline\\Pipeline->Illuminate\\Pipeline\\{closure}(Object(Illuminate\\Http\\Request))
#34 C:\\Users\\USER\\Documents\\MyApps\\CONS\\portal\\cons-portal-backend2\\vendor\\laravel\\framework\\src\\Illuminate\\Pipeline\\Pipeline.php(208): Illuminate\\Foundation\\Http\\Middleware\\PreventRequestsDuringMaintenance->handle(Object(Illuminate\\Http\\Request), Object(Closure))
#35 C:\\Users\\USER\\Documents\\MyApps\\CONS\\portal\\cons-portal-backend2\\vendor\\laravel\\framework\\src\\Illuminate\\Http\\Middleware\\HandleCors.php(61): Illuminate\\Pipeline\\Pipeline->Illuminate\\Pipeline\\{closure}(Object(Illuminate\\Http\\Request))
#36 C:\\Users\\USER\\Documents\\MyApps\\CONS\\portal\\cons-portal-backend2\\vendor\\laravel\\framework\\src\\Illuminate\\Pipeline\\Pipeline.php(208): Illuminate\\Http\\Middleware\\HandleCors->handle(Object(Illuminate\\Http\\Request), Object(Closure))
#37 C:\\Users\\USER\\Documents\\MyApps\\CONS\\portal\\cons-portal-backend2\\vendor\\laravel\\framework\\src\\Illuminate\\Http\\Middleware\\TrustProxies.php(58): Illuminate\\Pipeline\\Pipeline->Illuminate\\Pipeline\\{closure}(Object(Illuminate\\Http\\Request))
#38 C:\\Users\\USER\\Documents\\MyApps\\CONS\\portal\\cons-portal-backend2\\vendor\\laravel\\framework\\src\\Illuminate\\Pipeline\\Pipeline.php(208): Illuminate\\Http\\Middleware\\TrustProxies->handle(Object(Illuminate\\Http\\Request), Object(Closure))
#39 C:\\Users\\USER\\Documents\\MyApps\\CONS\\portal\\cons-portal-backend2\\vendor\\laravel\\framework\\src\\Illuminate\\Pipeline\\Pipeline.php(126): Illuminate\\Pipeline\\Pipeline->Illuminate\\Pipeline\\{closure}(Object(Illuminate\\Http\\Request))
#40 C:\\Users\\USER\\Documents\\MyApps\\CONS\\portal\\cons-portal-backend2\\vendor\\laravel\\framework\\src\\Illuminate\\Foundation\\Http\\Kernel.php(175): Illuminate\\Pipeline\\Pipeline->then(Object(Closure))
#41 C:\\Users\\USER\\Documents\\MyApps\\CONS\\portal\\cons-portal-backend2\\vendor\\laravel\\framework\\src\\Illuminate\\Foundation\\Http\\Kernel.php(144): Illuminate\\Foundation\\Http\\Kernel->sendRequestThroughRouter(Object(Illuminate\\Http\\Request))
#42 C:\\Users\\USER\\Documents\\MyApps\\CONS\\portal\\cons-portal-backend2\\public\\index.php(51): Illuminate\\Foundation\\Http\\Kernel->handle(Object(Illuminate\\Http\\Request))
#43 C:\\Users\\USER\\Documents\\MyApps\\CONS\\portal\\cons-portal-backend2\\vendor\\laravel\\framework\\src\\Illuminate\\Foundation\\resources\\server.php(23): require_once('C:\\\\Users\\\\USER\\\\D...')
#44 {main}
"} 
[2025-09-16 23:46:51] local.WARNING: No access_token cookie found  
[2025-09-16 23:46:52] local.WARNING: No access_token cookie found  
[2025-09-17 05:44:13] local.INFO: User created: {"email":"vctroseji@gmail.com7"} 
[2025-09-17 05:44:22] local.INFO: Email sent successfully to vctroseji@gmail.com7  
